{"0": {"0": 58.74, "1": 83.13, "2": 87.41, "3": 88.13, "4": 88.84, "5": 90.19, "6": 90.37, "7": 90.14, "8": 90.68, "9": 89.88, "10": 88.82, "11": 91.82, "12": 91.54, "13": 91.23, "14": 91.95, "15": 92.27, "16": 92.45, "17": 92.22, "18": 92.63, "19": 91.69, "20": 91.08, "21": 92.63, "22": 91.69, "23": 91.33, "24": 91.8, "25": 92.69, "26": 93.02, "27": 90.97, "28": 92.07, "29": 92.91, "30": 91.84, "31": 92.9, "32": 91.01, "33": 92.8, "34": 92.41, "35": 92.37, "36": 92.67, "37": 93.23, "38": 92.9, "39": 92.61, "40": 92.45, "41": 93.31, "42": 92.66, "43": 93.21, "44": 92.63, "45": 93.54, "46": 93.58, "47": 93.15, "48": 93.63, "49": 94.17}, "1": {"0": 93.79, "1": 93.48, "2": 93.45, "3": 93.27, "4": 93.42, "5": 93.85, "6": 93.89, "7": 93.8, "8": 93.9, "9": 93.78, "10": 93.45, "11": 93.24, "12": 93.35, "13": 92.94, "14": 92.43, "15": 93.41, "16": 93.75, "17": 93.03, "18": 94.5, "19": 93.95, "20": 94.04, "21": 94.1, "22": 94.42, "23": 94.01, "24": 94.17, "25": 93.85, "26": 94.31, "27": 94.44, "28": 94.2, "29": 93.89, "30": 93.61, "31": 93.75, "32": 94.07, "33": 94.66, "34": 94.42, "35": 93.93, "36": 94.07, "37": 94.18, "38": 94.02, "39": 94.15, "40": 93.93, "41": 94.15, "42": 94.13, "43": 94.15, "44": 94.19, "45": 93.26, "46": 94.74, "47": 93.88, "48": 94.27, "49": 94.57}}
